kQCJRglfvsQzAIF0UAhkYH6zkdGPFxVNYMH1nPTN_UpDqEFK
workchain: 0
